[mvtransit.com/index.html]
[backblue.gif]
[fade.gif]
[index.html]
[mvtransit.com/core/modules/system/css/components/ajax-progress.moduleb169.css]
[mvtransit.com/core/modules/system/css/components/align.moduleb169.css]
[mvtransit.com/core/modules/system/css/components/autocomplete-loading.moduleb169.css]
[mvtransit.com/core/modules/system/css/components/fieldgroup.moduleb169.css]
[mvtransit.com/core/modules/system/css/components/container-inline.moduleb169.css]
[mvtransit.com/core/modules/system/css/components/clearfix.moduleb169.css]
[mvtransit.com/core/modules/system/css/components/details.moduleb169.css]
[mvtransit.com/core/modules/system/css/components/hidden.moduleb169.css]
[mvtransit.com/core/modules/system/css/components/item-list.moduleb169.css]
[mvtransit.com/core/modules/system/css/components/js.moduleb169.css]
[mvtransit.com/core/modules/system/css/components/nowrap.moduleb169.css]
[mvtransit.com/core/modules/system/css/components/position-container.moduleb169.css]
[mvtransit.com/core/modules/system/css/components/progress.moduleb169.css]
[mvtransit.com/core/modules/system/css/components/reset-appearance.moduleb169.css]
[mvtransit.com/core/modules/system/css/components/resize.moduleb169.css]
[mvtransit.com/core/modules/system/css/components/sticky-header.moduleb169.css]
[mvtransit.com/core/modules/system/css/components/system-status-counterb169.css]
[mvtransit.com/core/modules/system/css/components/system-status-report-countersb169.css]
[mvtransit.com/core/modules/system/css/components/system-status-report-general-infob169.css]
[mvtransit.com/core/modules/system/css/components/tabledrag.moduleb169.css]
[mvtransit.com/core/modules/system/css/components/tablesort.moduleb169.css]
[mvtransit.com/core/modules/system/css/components/tree-child.moduleb169.css]
[mvtransit.com/core/modules/views/css/views.moduleb169.css]
[mvtransit.com/themes/bootstrap_barrio/css/components/userb169.css]
[mvtransit.com/themes/bootstrap_barrio/css/components/progressb169.css]
[mvtransit.com/themes/bootstrap_barrio/css/components/affixb169.css]
[mvtransit.com/themes/bootstrap_barrio/css/components/alertsb169.css]
[mvtransit.com/themes/bootstrap_barrio/css/components/bookb169.css]
[mvtransit.com/themes/bootstrap_barrio/css/components/commentsb169.css]
[mvtransit.com/themes/bootstrap_barrio/css/components/contextualb169.css]
[mvtransit.com/themes/bootstrap_barrio/css/components/feed-iconb169.css]
[mvtransit.com/themes/bootstrap_barrio/css/components/fieldb169.css]
[mvtransit.com/themes/bootstrap_barrio/css/components/headerb169.css]
[mvtransit.com/themes/bootstrap_barrio/css/components/helpb169.css]
[mvtransit.com/themes/bootstrap_barrio/css/components/iconsb169.css]
[mvtransit.com/themes/bootstrap_barrio/css/components/image-buttonb169.css]
[mvtransit.com/themes/bootstrap_barrio/css/components/item-listb169.css]
[mvtransit.com/themes/bootstrap_barrio/css/components/list-groupb169.css]
[mvtransit.com/themes/bootstrap_barrio/css/components/node-previewb169.css]
[mvtransit.com/themes/bootstrap_barrio/css/components/pageb169.css]
[mvtransit.com/themes/bootstrap_barrio/css/components/search-formb169.css]
[mvtransit.com/themes/bootstrap_barrio/css/components/shortcutb169.css]
[mvtransit.com/themes/bootstrap_barrio/css/components/sidebarb169.css]
[mvtransit.com/themes/bootstrap_barrio/css/components/site-footerb169.css]
[mvtransit.com/themes/bootstrap_barrio/css/components/skip-linkb169.css]
[mvtransit.com/themes/bootstrap_barrio/css/components/tableb169.css]
[mvtransit.com/themes/bootstrap_barrio/css/components/tabledragb169.css]
[mvtransit.com/themes/bootstrap_barrio/css/components/tableselectb169.css]
[mvtransit.com/themes/bootstrap_barrio/css/components/tablesort-indicatorb169.css]
[mvtransit.com/themes/bootstrap_barrio/css/components/ui.widgetb169.css]
[mvtransit.com/themes/bootstrap_barrio/css/components/tabsb169.css]
[mvtransit.com/themes/bootstrap_barrio/css/components/vertical-tabsb169.css]
[mvtransit.com/themes/bootstrap_barrio/css/components/viewsb169.css]
[mvtransit.com/themes/bootstrap_barrio/css/components/ui-dialogb169.css]
[mvtransit.com/themes/mvtransit/css/bootstrap.minb169.css]
[mvtransit.com/themes/mvtransit/css/styleb169.css]
[mvtransit.com/themes/mvtransit/css/colorsb169.css]
[mvtransit.com/themes/mvtransit/css/mainb169.css]
[mvtransit.com/themes/mvtransit/css/animateb169.css]
[mvtransit.com/themes/mvtransit/css/slickb169.css]
[mvtransit.com/themes/mvtransit/css/custom-twitterb169.css]
[mvtransit.com/themes/bootstrap_barrio/css/components/formb169.css]
[mvtransit.com/themes/bootstrap_barrio/css/printb169.css]
[mvtransit.com/themes/mvtransit/favicon.ico]
[use.fontawesome.com/releases/v5.3.1/css/all.css]
[mvtransit.com/themes/mvtransit/img/blue-logo-new.png]
[mvtransit.com/about-us.html]
[mvtransit.com/about-us/mv-story.html]
[mvtransit.com/about-us/our-people.html]
[mvtransit.com/about-us/news.html]
[mvtransit.com/about-us/mv-cares.html]
[mvtransit.com/about-us/partners.html]
[mvtransit.com/about-us/locations.html]
[mvtransit.com/about-us/events.html]
[mvtransit.com/services.html]
[mvtransit.com/services/paratransit.html]
[mvtransit.com/services/fixed-route.html]
[mvtransit.com/services/multimode.html]
[mvtransit.com/services/shuttle.html]
[mvtransit.com/services/school-transport.html]
[mvtransit.com/professional-services.html]
[mvtransit.com/why-mv.html]
[mvtransit.com/why-mv/capabilities.html]
[mvtransit.com/why-mv/success-stories.html]
[mvtransit.com/contact-mvtransit.html]
[ajax.googleapis.com/ajax/libs/jquery/3.6.0/jquery.min.js]
[mvtransit.com/sites/default/files/2021-09/Paratransit_0.jpg]
[mvtransit.com/sites/default/files/2021-09/Routing Ticket App.jpg]
[mvtransit.com/sites/default/files/2021-09/Careers.jpg]
[mvtransit.com/sites/default/files/2022-08/MV_mircosite_header_JIM_0.jpg]
[mvtransit.com/sites/default/files/2018-08/accordion-logo.png]
[mvtransit.com/sites/default/files/2018-08/schoolbus.jpg]
[mvtransit.com/themes/mvtransit/img/arrows.png]
[mvtransit.com/sites/default/files/2018-08/accordion-logo-2.png]
[mvtransit.com/themes/mvtransit/img/visit-link-2.png]
[mvtransit.com/sites/default/files/2018-08/accordion-logo-3.png]
[mvtransit.com/transit-technology.html]
[mvtransit.com/themes/mvtransit/img/visit-link-3.png]
[mvtransit.com/themes/mvtransit/img/phone.png]
[mvtransit.com/sites/default/files/2018-08/parallax_0.jpg]
[mvtransit.com/sites/default/files/2018-08/operational.png]
[mvtransit.com/themes/mvtransit/img/visit-link-4.png]
[mvtransit.com/sites/default/files/2018-08/training.png]
[mvtransit.com/sites/default/files/2018-08/maintenance.png]
[mvtransit.com/sites/default/files/2018-08/technology.png]
[mvtransit.com/sites/default/files/2018-08/chi-ps.png]
[mvtransit.com/sites/default/files/2018-08/dart.png]
[mvtransit.com/sites/default/files/2018-08/dc-metro.png]
[mvtransit.com/sites/default/files/2018-08/la-dot.png]
[mvtransit.com/sites/default/files/2018-08/loyola.png]
[mvtransit.com/sites/default/files/2018-08/rtc.png]
[mvtransit.com/sites/default/files/2019-01/Hollywood-Burbank-Airport-Identity-System-03.png]
[mvtransit.com/sites/default/files/2021-02/kingcountymetro.png]
[mvtransit.com/sites/default/files/2022-01/CC RTA.png]
[mvtransit.com/sites/default/files/2022-01/HoustonMetro.png]
[mvtransit.com/sites/default/files/2022-01/LAMetro.png]
[mvtransit.com/sites/default/files/2022-01/Maryland.png]
[mvtransit.com/sites/default/files/2022-01/RTD.png]
[mvtransit.com/themes/mvtransit/img/quotes.jpg]
[mvtransit.com/themes/mvtransit/img/logo.png]
[mvismovement.com/wp-content/uploads/2021/05/qbMbvtOZ-e1620857269881.jpg]
[mvismovement.com/wp-content/uploads/2021/05/Mark-Collins-MV-Transportation-President-1-e1620858341546.jpg]
[mvismovement.com/wp-content/uploads/2021/05/Paperless_Gloria-Housley.png]
[mvtransit.com/core/assets/vendor/jquery/jquery.minc011.js]
[mvtransit.com/core/assets/vendor/jquery-once/jquery.once.min62cf.js]
[mvtransit.com/core/misc/drupalSettingsLoader64d7.js]
[mvtransit.com/core/misc/drupal64d7.js]
[mvtransit.com/core/misc/drupal.init64d7.js]
[mvtransit.com/themes/bootstrap_barrio/js/global64d7.js]
[mvtransit.com/themes/bootstrap_barrio/js/affix64d7.js]
[mvtransit.com/themes/mvtransit/js/popper.minb169.js]
[mvtransit.com/themes/mvtransit/js/bootstrap.minb169.js]
[mvtransit.com/themes/mvtransit/js/global64d7.js]
[mvtransit.com/themes/mvtransit/js/jquery.imagemapster.min64d7.js]
[mvtransit.com/themes/mvtransit/js/jquery.maphilight.min64d7.js]
[mvtransit.com/themes/mvtransit/js/imageMapResizer.min64d7.js]
[mvtransit.com/themes/mvtransit/js/slick.min64d7.js]
[mvtransit.com/index.html]
[www.googletagmanager.com/gtm5445.html]
[mvtransit.com/themes/mvtransit/js/customize-twitter-1.1.min64d7.js]
[mvtransit.com/core/misc/throbber-active.gif]
[mvtransit.com/core/misc/loading-small.gif]
[mvtransit.com/core/modules/system/css/components/ajax-progress.moduleb169.css]
[mvtransit.com/core/modules/system/css/components/align.moduleb169.css]
[mvtransit.com/core/misc/throbber-inactive.png]
[mvtransit.com/core/modules/system/css/components/autocomplete-loading.moduleb169.css]
[mvtransit.com/core/modules/system/css/components/fieldgroup.moduleb169.css]
[mvtransit.com/core/modules/system/css/components/container-inline.moduleb169.css]
[mvtransit.com/core/modules/system/css/components/clearfix.moduleb169.css]
[mvtransit.com/core/modules/system/css/components/details.moduleb169.css]
[mvtransit.com/core/modules/system/css/components/hidden.moduleb169.css]
[mvtransit.com/core/modules/system/css/components/item-list.moduleb169.css]
[mvtransit.com/core/modules/system/css/components/js.moduleb169.css]
[mvtransit.com/core/modules/system/css/components/nowrap.moduleb169.css]
[mvtransit.com/core/modules/system/css/components/position-container.moduleb169.css]
[mvtransit.com/core/modules/system/css/components/progress.moduleb169.css]
[mvtransit.com/core/modules/system/css/components/reset-appearance.moduleb169.css]
[mvtransit.com/core/modules/system/css/components/resize.moduleb169.css]
[mvtransit.com/core/modules/system/css/components/sticky-header.moduleb169.css]
[mvtransit.com/core/misc/icons/e32700/error.svg]
[mvtransit.com/core/misc/icons/e29700/warning.svg]
[mvtransit.com/core/modules/system/css/components/system-status-counterb169.css]
[mvtransit.com/core/modules/system/css/components/system-status-report-countersb169.css]
[mvtransit.com/core/modules/system/css/components/system-status-report-general-infob169.css]
[mvtransit.com/core/misc/icons/73b355/check.svg]
[mvtransit.com/core/misc/icons/787878/move.svg]
[mvtransit.com/core/modules/system/css/components/tabledrag.moduleb169.css]
[mvtransit.com/core/misc/icons/000000/move.svg]
[mvtransit.com/core/misc/icons/787878/twistie-down.svg]
[mvtransit.com/core/modules/system/css/components/tablesort.moduleb169.css]
[mvtransit.com/core/misc/icons/787878/twistie-up.svg]
[mvtransit.com/core/misc/tree.png]
[mvtransit.com/core/misc/tree-bottom.png]
[mvtransit.com/core/modules/system/css/components/tree-child.moduleb169.css]
[mvtransit.com/core/modules/views/css/views.moduleb169.css]
[mvtransit.com/themes/bootstrap_barrio/css/components/userb169.css]
[mvtransit.com/themes/bootstrap_barrio/css/components/progressb169.css]
[mvtransit.com/themes/bootstrap_barrio/css/components/affixb169.css]
[mvtransit.com/themes/bootstrap_barrio/css/components/alertsb169.css]
[mvtransit.com/themes/bootstrap_barrio/css/components/bookb169.css]
[mvtransit.com/themes/bootstrap_barrio/css/components/commentsb169.css]
[mvtransit.com/themes/bootstrap_barrio/css/components/contextualb169.css]
[mvtransit.com/themes/bootstrap_barrio/css/components/feed-iconb169.css]
[mvtransit.com/themes/bootstrap_barrio/css/components/fieldb169.css]
[mvtransit.com/themes/bootstrap_barrio/css/components/headerb169.css]
[mvtransit.com/themes/bootstrap_barrio/css/components/helpb169.css]
[mvtransit.com/themes/bootstrap_barrio/images/help.png]
[mvtransit.com/themes/bootstrap_barrio/css/components/iconsb169.css]
[mvtransit.com/themes/bootstrap_barrio/css/components/image-buttonb169.css]
[mvtransit.com/themes/bootstrap_barrio/css/components/item-listb169.css]
[mvtransit.com/themes/bootstrap_barrio/css/components/list-groupb169.css]
[mvtransit.com/themes/bootstrap_barrio/images/feed.svg]
[mvtransit.com/core/misc/icons/000000/chevron-left.svg]
[mvtransit.com/themes/bootstrap_barrio/css/components/node-previewb169.css]
[mvtransit.com/themes/bootstrap_barrio/css/components/pageb169.css]
[mvtransit.com/themes/bootstrap_barrio/css/components/search-formb169.css]
[mvtransit.com/themes/bootstrap_barrio/css/components/shortcutb169.css]
[mvtransit.com/themes/bootstrap_barrio/css/components/sidebarb169.css]
[mvtransit.com/themes/bootstrap_barrio/css/components/site-footerb169.css]
[mvtransit.com/themes/bootstrap_barrio/css/components/skip-linkb169.css]
[mvtransit.com/themes/bootstrap_barrio/css/components/tableb169.css]
[mvtransit.com/themes/bootstrap_barrio/css/components/tabledragb169.css]
[mvtransit.com/themes/bootstrap_barrio/css/components/tableselectb169.css]
[mvtransit.com/core/misc/icons/000000/chevron-right.svg]
[mvtransit.com/core/misc/icons/ffffff/twistie-down.svg]
[mvtransit.com/themes/bootstrap_barrio/css/components/tablesort-indicatorb169.css]
[mvtransit.com/themes/bootstrap_barrio/css/components/ui.widgetb169.css]
[mvtransit.com/themes/bootstrap_barrio/css/components/tabsb169.css]
[mvtransit.com/themes/bootstrap_barrio/css/components/vertical-tabsb169.css]
[mvtransit.com/themes/bootstrap_barrio/css/components/viewsb169.css]
[mvtransit.com/themes/bootstrap_barrio/css/components/ui-dialogb169.css]
[mvtransit.com/themes/mvtransit/css/bootstrap.minb169.css]
[mvtransit.com/themes/mvtransit/css/styleb169.css]
[mvtransit.com/themes/mvtransit/css/colorsb169.css]
[mvtransit.com/core/misc/icons/ffffff/twistie-up.svg]
[use.typekit.net/qwp6hxu.css]
[mvtransit.com/themes/mvtransit/css/mainb169.css]
[mvtransit.com/themes/mvtransit/css/animateb169.css]
[mvtransit.com/themes/mvtransit/css/slickb169.css]
[mvtransit.com/themes/mvtransit/css/custom-twitterb169.css]
[mvtransit.com/themes/bootstrap_barrio/css/components/formb169.css]
[mvtransit.com/themes/bootstrap_barrio/css/printb169.css]
[use.fontawesome.com/releases/v5.3.1/css/all.css]
[mvtransit.com/themes/bootstrap_barrio/images/required.svg]
[mvtransit.com/sites/default/files/white-logo-newer.png]
[mvtransit.com/sites/default/files/2018-09/ABOUT.jpg]
[mvtransit.com/services/campus-shuttle.html]
[mvtransit.com/services/corporate-shuttle.html]
[mvtransit.com/sites/default/files/2018-09/Parallax-img.jpg]
[mvtransit.com/about-us.html]
[mvtransit.com/sites/default/files/2021-09/MV_Story_header.jpg]
[mvtransit.com/sites/default/files/2021-02/timeline-image_1.png]
[mvtransit.com/about-us/mv-story.html]
[mvtransit.com/sites/default/files/2021-09/MV_Team_header.jpg]
[mvtransit.com/sites/default/files/2022-08/KevinKilka-Circle_0.png]
[mvtransit.com/themes/mvtransit/img/visit-white.png]
[mvtransit.com/themes/mvtransit/img/visit-teal.png]
[mvtransit.com/sites/default/files/2022-10/JamiePierson-Round.png]
[mvtransit.com/sites/default/files/2022-08/JarrettAndrewsRound_0.png]
[mvtransit.com/sites/default/files/2022-08/ChrisBurlsRound_0.png]
[mvtransit.com/sites/default/files/2022-08/GaryColesRound_0.png]
[mvtransit.com/sites/default/files/2022-08/MV_CIO_Jim_Haring_0.jpg]
[mvtransit.com/sites/default/files/2022-08/TedNavitskasRound_0.png]
[mvtransit.com/sites/default/files/2022-08/MV_JamesSchultzman_RND_0.jpg]
[mvtransit.com/sites/default/files/2022-08/ScottSosnowski_rnd_0.png]
[mvtransit.com/sites/default/files/2022-08/StephanieWeber-rnd_0.png]
[mvtransit.com/sites/default/files/2022-08/JeffWomack_0.png]
[mvtransit.com/sites/default/files/2022-08/HarryWilson-Circle2.png]
[mvtransit.com/sites/default/files/2022-08/JohnRogers.png]
[mvtransit.com/sites/default/files/2022-08/AlexLodde_0.png]
[mvtransit.com/sites/default/files/2022-08/FeysanLodde_0.png]
[mvtransit.com/sites/default/files/2022-08/MV_Board_Scott_Letier_0.jpg]
[mvtransit.com/about-us/our-people.html]
[mvtransit.com/sites/default/files/2018-09/ABOUT_6.jpg]
[mvtransit.com/themes/mvtransit/img/teal-fb.png]
[mvtransit.com/themes/mvtransit/img/teal-tw.png]
[mvtransit.com/themes/mvtransit/img/teal-li.png]
[mvtransit.com/news/MV-Transportation-Latinos-in-Transit-Scholarship-Award-Winner-Named.html]
[mvtransit.com/themes/mvtransit/img/meet-ico.png]
[mvtransit.com/sites/default/files/2022-10/LIT flame letters.png]
[mvtransit.com/news/MV-Transportation-Names-Felecia-Lane-Transit-Operator-of-the-Year.html]
[mvtransit.com/sites/default/files/2022-07/MV_Logo_Standard_Blue.jpg]
[mvtransit.com/news/AVTA-Awards-Fixed-Route-Bus-Contract-To-MV-Transportation.html]
[mvtransit.com/sites/default/files/2022-06/MV_Logo_Standard_Blue.jpg]
[mvtransit.com/news/MTA-Awards-Paratransit-Contract-To-MV-Transportation.html]
[mvtransit.com/sites/default/files/2022-04/MV_Logo_Standard_Blue.jpg]
[mvtransit.com/news/City-of-Sedona-Awards-Multi-year-Microtransit-and-Shuttle-Contract-to-MV-Transportation.html]
[mvtransit.com/sites/default/files/2022-03/MV_Logo_Standard_Blue.jpg]
[mvtransit.com/news/MV-and-CCRTA-Plan-for-Next-Decade-of-Transit-Growth-in-CorpusChristi.html]
[mvtransit.com/sites/default/files/2022-01/MV_Logo_Standard_Blue_0.png]
[mvtransit.com/news/MV-Transportation-Awarded-Paratransit-Services-by-Greater-Bridgeport.html]
[mvtransit.com/sites/default/files/2022-01/MV_Logo_Standard_Blue.png]
[mvtransit.com/about-us/news2679.html]
[mvtransit.com/about-us/news4658.html]
[mvtransit.com/about-us/news9ba9.html]
[mvtransit.com/about-us/newsfdb0.html]
[mvtransit.com/about-us/newsaf4d.html]
[mvtransit.com/about-us/newsc575.html]
[mvtransit.com/about-us/news235c.html]
[mvtransit.com/about-us/newsfdfa.html]
[mvtransit.com/about-us/news.html]
[mvtransit.com/about-us/news5760.html]
[mvtransit.com/sites/default/files/2021-09/MV_Cares_header.jpg]
[mvtransit.com/sites/default/files/2018-09/mv-cares-img-trimmed.jpg]
[mvtransit.com/about-us/mv-cares.html]
[mvtransit.com/sites/default/files/2021-09/MV_Partners_header.jpg]
[mvtransit.com/sites/default/files/2022-04/logos-interior-new.jpg]
[mvtransit.com/sites/default/files/2018-09/part-par.jpg]
[mvtransit.com/sites/default/files/2018-09/image-over-para.png]
[mvtransit.com/about-us/partners.html]
[mvtransit.com/sites/default/files/2021-09/MV_locations_header.jpg]
[mvtransit.com/sites/default/files/2018-09/loc-b1.jpg]
[mvtransit.com/sites/default/files/2018-09/loc-b2_0.jpg]
[mvtransit.com/sites/default/files/2018-09/loc-b3.jpg]
[mvtransit.com/about-us/locations.html]
[mvtransit.com/sites/default/files/2021-09/MV_events_header.jpg]
[mvtransit.com/contact-us/events.html]
[mvtransit.com/sites/default/files/2022-09/Seattle-Rainier 1200x600_0.jpg]
[mvtransit.com/sites/default/files/2022-09/Hyatt Sonoma CA.jpg]
[mvtransit.com/sites/default/files/2022-09/OntarioCA.jpg]
[mvtransit.com/about-us/events.html]
[mvtransit.com/sites/default/files/2018-08/services-landing.jpg]
[mvtransit.com/themes/mvtransit/_img-uploads/services-arrow.png]
[mvtransit.com/sites/default/files/2018-08/as-para.png]
[mvtransit.com/sites/default/files/2018-08/ico-para.png]
[mvtransit.com/sites/default/files/2018-08/as-fix.png]
[mvtransit.com/sites/default/files/2018-08/ico-fix.png]
[mvtransit.com/sites/default/files/2018-08/as-shut.png]
[mvtransit.com/sites/default/files/2018-08/ico-shu.png]
[mvtransit.com/sites/default/files/2018-08/as-scho.png]
[mvtransit.com/sites/default/files/2018-08/ico-sch.png]
[mvtransit.com/sites/default/files/2018-08/as-multi.png]
[mvtransit.com/sites/default/files/2018-08/ico-mul.png]
[mvtransit.com/sites/default/files/2018-08/as-adv.png]
[mvtransit.com/sites/default/files/2018-08/ico-adv.html]
[mvtransit.com/services.html]
[mvtransit.com/services/paratransit.html]
[mvtransit.com/services/fixed-route.html]
[mvtransit.com/services/multimode.html]
[mvtransit.com/services/shuttle.html]
[mvtransit.com/services/school-transport.html]
[mvtransit.com/professional-services.html]
[mvtransit.com/why-mv.html]
[mvtransit.com/why-mv/capabilities.html]
[mvtransit.com/why-mv/success-stories.html]
[mvtransit.com/contact-mvtransit.html]
